==========================================
BACKUP VERIFICATION LOG
==========================================
Timestamp            : 10-07-2026 18:15:45
Verification Status  : Failed
Total Source Files   : 3
Matching Files       : 2
Modified Files       : 1
Missing Files        : 0
Additional Files     : 0
==========================================
BACKUP VERIFICATION LOG
==========================================
Timestamp            : 10-07-2026 18:24:24
Verification Status  : Failed
Total Source Files   : 3
Matching Files       : 2
Modified Files       : 1
Missing Files        : 0
Additional Files     : 0


==========================================
BACKUP VERIFICATION LOG
==========================================
Timestamp            : 10-07-2026 18:27:33
Verification Status  : Failed
Total Source Files   : 3
Matching Files       : 2
Modified Files       : 1
Missing Files        : 0
Additional Files     : 0

