=========================================
Log Entry : 08-07-2026 00:41:38
=========================================
=========================================
       SYSTEM UPDATE REPORT

Generated On    : 08-07-2026 00:41:38
Operating System : Ubuntu 24.04.4 LTS
Package Manager : apt
Total Packages : 2078
Updates Available : 0

System is up to date.

=========================================

=========================================
Log Entry : 08-07-2026 00:42:48
=========================================
=========================================
       SYSTEM UPDATE REPORT

Generated On    : 08-07-2026 00:42:48
Operating System : Ubuntu 24.04.4 LTS
Package Manager : apt
Total Packages : 2078
Updates Available : 0

System is up to date.

=========================================

=========================================
Log Entry : 08-07-2026 01:24:16
=========================================
=========================================
       SYSTEM UPDATE REPORT

Generated On    : 08-07-2026 01:24:16
Operating System : Ubuntu 24.04.4 LTS
Package Manager : apt
Total Packages : 2078
Updates Available : 0

System is up to date.

=========================================

=========================================
Log Entry : 08-07-2026 01:26:01
=========================================
=========================================
       SYSTEM UPDATE REPORT

Generated On    : 08-07-2026 01:26:01
Operating System : Ubuntu 24.04.4 LTS
Package Manager : apt
Total Packages : 2078
Updates Available : 0

System is up to date.

=========================================

=========================================
Log Entry : 08-07-2026 01:40:27
=========================================
=========================================
       SYSTEM UPDATE REPORT
=========================================

Generated On    : 08-07-2026 01:40:27
Operating System : Ubuntu 24.04.4 LTS
Package Manager : apt
Total Packages : 2078
Updates Available : 0

System is up to date.

=========================================

=========================================
Log Entry : 08-07-2026 01:42:29
=========================================
=========================================
       SYSTEM UPDATE REPORT
=========================================

Generated On    : 08-07-2026 01:42:29
Operating System : Ubuntu 24.04.4 LTS
Package Manager : apt
Total Packages : 2078
Updates Available : 0

System is up to date.

=========================================

=========================================
Log Entry : 08-07-2026 01:42:41
=========================================
=========================================
       SYSTEM UPDATE REPORT
=========================================

Generated On    : 08-07-2026 01:42:41
Operating System : Ubuntu 24.04.4 LTS
Package Manager : apt
Total Packages : 2078
Updates Available : 0

System is up to date.

=========================================

=========================================
Log Entry : 08-07-2026 01:43:46
=========================================
=========================================
       SYSTEM UPDATE REPORT
=========================================

Generated On    : 08-07-2026 01:43:46
Operating System : Ubuntu 24.04.4 LTS
Package Manager : apt
Total Packages : 0
Updates Available : 0

System is up to date.

=========================================

=========================================
Log Entry : 08-07-2026 01:44:17
=========================================
=========================================
       SYSTEM UPDATE REPORT
=========================================

Generated On    : 08-07-2026 01:44:17
Operating System : Ubuntu 24.04.4 LTS
Package Manager : apt
Total Packages : 2078
Updates Available : 0

System is up to date.

=========================================

=========================================
Log Entry : 08-07-2026 01:44:52
=========================================
=========================================
       SYSTEM UPDATE REPORT
=========================================

Generated On    : 08-07-2026 01:44:52
Operating System : Ubuntu 24.04.4 LTS
Package Manager : apt
Total Packages : 2078
Updates Available : 1

Packages Requiring Updates
-----------------------------------------
google-chrome-stable/stable 150.0.7871.100-1 amd64 [upgradable from: 150.0.7871.46-1]

=========================================

=========================================
Log Entry : 08-07-2026 12:35:18
=========================================
=========================================
       SYSTEM UPDATE REPORT
=========================================

Generated On    : 08-07-2026 12:35:18
Operating System : Ubuntu 24.04.4 LTS
Package Manager : apt
Total Packages : 2078
Updates Available : 3

Packages Requiring Updates
-----------------------------------------
google-chrome-stable/stable 150.0.7871.100-1 amd64 [upgradable from: 150.0.7871.46-1]
libinput-bin/noble-updates 1.25.0-1ubuntu3.5 amd64 [upgradable from: 1.25.0-1ubuntu3.4]
libinput10/noble-updates 1.25.0-1ubuntu3.5 amd64 [upgradable from: 1.25.0-1ubuntu3.4]

=========================================

=========================================
Log Entry : 08-07-2026 13:12:25
=========================================
=========================================
       SYSTEM UPDATE REPORT
=========================================

Generated On    : 08-07-2026 13:12:25
Operating System : Ubuntu 24.04.4 LTS
Package Manager : apt
Total Packages : 2078
Updates Available : 3

Packages Requiring Updates
-----------------------------------------
google-chrome-stable/stable 150.0.7871.100-1 amd64 [upgradable from: 150.0.7871.46-1]
libinput-bin/noble-updates 1.25.0-1ubuntu3.5 amd64 [upgradable from: 1.25.0-1ubuntu3.4]
libinput10/noble-updates 1.25.0-1ubuntu3.5 amd64 [upgradable from: 1.25.0-1ubuntu3.4]

=========================================

=========================================
Log Entry : 08-07-2026 13:13:18
=========================================
=========================================
       SYSTEM UPDATE REPORT
=========================================

Generated On    : 08-07-2026 13:13:18
Operating System : Ubuntu 24.04.4 LTS
Package Manager : apt
Total Packages : 2078
Updates Available : 3

Packages Requiring Updates
-----------------------------------------
google-chrome-stable/stable 150.0.7871.100-1 amd64 [upgradable from: 150.0.7871.46-1]
libinput-bin/noble-updates 1.25.0-1ubuntu3.5 amd64 [upgradable from: 1.25.0-1ubuntu3.4]
libinput10/noble-updates 1.25.0-1ubuntu3.5 amd64 [upgradable from: 1.25.0-1ubuntu3.4]

=========================================

=========================================
Log Entry : 08-07-2026 13:13:51
=========================================
=========================================
       SYSTEM UPDATE REPORT
=========================================

Generated On    : 08-07-2026 13:13:51
Operating System : Ubuntu 24.04.4 LTS
Package Manager : apt
Total Packages : 2078
Updates Available : 3

Packages Requiring Updates
-----------------------------------------
google-chrome-stable/stable 150.0.7871.100-1 amd64 [upgradable from: 150.0.7871.46-1]
libinput-bin/noble-updates 1.25.0-1ubuntu3.5 amd64 [upgradable from: 1.25.0-1ubuntu3.4]
libinput10/noble-updates 1.25.0-1ubuntu3.5 amd64 [upgradable from: 1.25.0-1ubuntu3.4]

=========================================

