==========================================
Timestamp          : 08-07-2026 18:37:19
Operating System   : Ubuntu 24.04.4 LTS
Package Manager    : apt
Installed Packages : 2077
Inventory Report   : Generated
==========================================

==========================================
Timestamp          : 08-07-2026 18:41:04
Operating System   : Ubuntu 24.04.4 LTS
Package Manager    : apt
Installed Packages : 2077
Inventory Report   : Generated
==========================================

==========================================
Timestamp          : 08-07-2026 18:44:15
Operating System   : Ubuntu 24.04.4 LTS
Package Manager    : apt
Installed Packages : 2077
Inventory Report   : Generated
==========================================

==========================================
Timestamp          : 08-07-2026 18:45:24
Operating System   : Ubuntu 24.04.4 LTS
Package Manager    : apt
Installed Packages : 2077
Inventory Report   : Generated
==========================================

==========================================
Timestamp          : 08-07-2026 18:59:31
Operating System   : Ubuntu 24.04.4 LTS
Package Manager    : apt
Installed Packages : 2077
Available Updates  : 
Inventory Report   : Generated
==========================================

==========================================
Timestamp          : 08-07-2026 19:00:01
Operating System   : Ubuntu 24.04.4 LTS
Package Manager    : apt
Installed Packages : 2077
Available Updates  : 0
Inventory Report   : Generated
==========================================

==========================================
Timestamp          : 08-07-2026 19:00:40
Operating System   : Ubuntu 24.04.4 LTS
Package Manager    : apt
Installed Packages : 2077
Available Updates  : 0
Inventory Report   : Generated
==========================================

==========================================
Timestamp          : 08-07-2026 19:08:14
Operating System   : Ubuntu 24.04.4 LTS
Package Manager    : apt
Installed Packages : 2077
Available Updates  : 8
Inventory Report   : Generated
==========================================

==========================================
Timestamp          : 08-07-2026 19:12:37
Operating System   : Ubuntu 24.04.4 LTS
Package Manager    : apt
Installed Packages : 2077
Available Updates  : 8
Inventory Report   : Generated
==========================================

==========================================
Timestamp          : 08-07-2026 19:25:33
Operating System   : Ubuntu 24.04.4 LTS
Package Manager    : apt
Installed Packages : 2077
Available Updates  : 8
Inventory Report   : Generated
==========================================

